To honour the JVM settings for this build a single-use Daemon process will be forked. For more on this, please refer to https://docs.gradle.org/8.9/userguide/gradle_daemon.html#sec:disabling_the_daemon in the Gradle documentation.
Daemon will be stopped at the end of the build 
Observed package id 'platforms;android-35-ext15' in inconsistent location 'D:\Netflixtv\.release-build-temp-20260928\sdk\platforms\android-35' (Expected 'D:\Netflixtv\.release-build-temp-20260928\sdk\platforms\android-35-ext15')
Observed package id 'platforms;android-35' in inconsistent location 'D:\Netflixtv\.release-build-temp-20260928\sdk\platforms\android-35-2' (Expected 'D:\Netflixtv\.release-build-temp-20260928\sdk\platforms\android-35')
> Task :app:buildKotlinToolingMetadata UP-TO-DATE
> Task :app:checkKotlinGradlePluginConfigurationErrors SKIPPED
> Task :app:preBuild UP-TO-DATE
> Task :app:preReleaseBuild UP-TO-DATE
> Task :app:generateReleaseBuildConfig UP-TO-DATE
> Task :app:checkReleaseAarMetadata UP-TO-DATE
> Task :app:generateReleaseResValues UP-TO-DATE
> Task :app:processReleaseGoogleServices UP-TO-DATE
> Task :app:mapReleaseSourceSetPaths UP-TO-DATE
> Task :app:generateReleaseResources UP-TO-DATE
> Task :app:mergeReleaseResources UP-TO-DATE
> Task :app:packageReleaseResources UP-TO-DATE
> Task :app:parseReleaseLocalResources UP-TO-DATE
> Task :app:createReleaseCompatibleScreenManifests UP-TO-DATE
> Task :app:extractDeepLinksRelease UP-TO-DATE
> Task :app:processReleaseMainManifest UP-TO-DATE
> Task :app:processReleaseManifest UP-TO-DATE
> Task :app:processReleaseManifestForPackage UP-TO-DATE
> Task :app:processReleaseResources UP-TO-DATE
> Task :app:kspReleaseKotlin UP-TO-DATE
> Task :app:compileReleaseKotlin
w: file:///D:/Netflixtv/app/src/main/java/com/example/MainActivity.kt:617:64 Condition is always 'true'.
w: file:///D:/Netflixtv/app/src/main/java/com/example/api/TmdbApi.kt:21:5 This annotation is currently applied to the value parameter only, but in the future it will also be applied to property.
- To opt in to applying to both value parameter and property, add '-Xannotation-default-target=param-property' to your compiler arguments.
- To keep applying to the value parameter only, use the '@param:' annotation target.

See https://youtrack.jetbrains.com/issue/KT-73255 for more details.
w: file:///D:/Netflixtv/app/src/main/java/com/example/api/TmdbApi.kt:22:5 This annotation is currently applied to the value parameter only, but in the future it will also be applied to property.
- To opt in to applying to both value parameter and property, add '-Xannotation-default-target=param-property' to your compiler arguments.
- To keep applying to the value parameter only, use the '@param:' annotation target.

See https://youtrack.jetbrains.com/issue/KT-73255 for more details.
w: file:///D:/Netflixtv/app/src/main/java/com/example/api/TmdbApi.kt:23:5 This annotation is currently applied to the value parameter only, but in the future it will also be applied to property.
- To opt in to applying to both value parameter and property, add '-Xannotation-default-target=param-property' to your compiler arguments.
- To keep applying to the value parameter only, use the '@param:' annotation target.

See https://youtrack.jetbrains.com/issue/KT-73255 for more details.
w: file:///D:/Netflixtv/app/src/main/java/com/example/api/TmdbApi.kt:24:5 This annotation is currently applied to the value parameter only, but in the future it will also be applied to property.
- To opt in to applying to both value parameter and property, add '-Xannotation-default-target=param-property' to your compiler arguments.
- To keep applying to the value parameter only, use the '@param:' annotation target.

See https://youtrack.jetbrains.com/issue/KT-73255 for more details.
w: file:///D:/Netflixtv/app/src/main/java/com/example/api/TmdbApi.kt:25:5 This annotation is currently applied to the value parameter only, but in the future it will also be applied to property.
- To opt in to applying to both value parameter and property, add '-Xannotation-default-target=param-property' to your compiler arguments.
- To keep applying to the value parameter only, use the '@param:' annotation target.

See https://youtrack.jetbrains.com/issue/KT-73255 for more details.
w: file:///D:/Netflixtv/app/src/main/java/com/example/api/TmdbApi.kt:26:5 This annotation is currently applied to the value parameter only, but in the future it will also be applied to property.
- To opt in to applying to both value parameter and property, add '-Xannotation-default-target=param-property' to your compiler arguments.
- To keep applying to the value parameter only, use the '@param:' annotation target.

See https://youtrack.jetbrains.com/issue/KT-73255 for more details.
w: file:///D:/Netflixtv/app/src/main/java/com/example/api/TmdbApi.kt:27:5 This annotation is currently applied to the value parameter only, but in the future it will also be applied to property.
- To opt in to applying to both value parameter and property, add '-Xannotation-default-target=param-property' to your compiler arguments.
- To keep applying to the value parameter only, use the '@param:' annotation target.

See https://youtrack.jetbrains.com/issue/KT-73255 for more details.
w: file:///D:/Netflixtv/app/src/main/java/com/example/api/TmdbApi.kt:28:5 This annotation is currently applied to the value parameter only, but in the future it will also be applied to property.
- To opt in to applying to both value parameter and property, add '-Xannotation-default-target=param-property' to your compiler arguments.
- To keep applying to the value parameter only, use the '@param:' annotation target.

See https://youtrack.jetbrains.com/issue/KT-73255 for more details.
w: file:///D:/Netflixtv/app/src/main/java/com/example/api/TmdbApi.kt:178:5 This annotation is currently applied to the value parameter only, but in the future it will also be applied to property.
- To opt in to applying to both value parameter and property, add '-Xannotation-default-target=param-property' to your compiler arguments.
- To keep applying to the value parameter only, use the '@param:' annotation target.

See https://youtrack.jetbrains.com/issue/KT-73255 for more details.
w: file:///D:/Netflixtv/app/src/main/java/com/example/api/TmdbApi.kt:179:5 This annotation is currently applied to the value parameter only, but in the future it will also be applied to property.
- To opt in to applying to both value parameter and property, add '-Xannotation-default-target=param-property' to your compiler arguments.
- To keep applying to the value parameter only, use the '@param:' annotation target.

See https://youtrack.jetbrains.com/issue/KT-73255 for more details.
w: file:///D:/Netflixtv/app/src/main/java/com/example/api/TmdbApi.kt:185:5 This annotation is currently applied to the value parameter only, but in the future it will also be applied to property.
- To opt in to applying to both value parameter and property, add '-Xannotation-default-target=param-property' to your compiler arguments.
- To keep applying to the value parameter only, use the '@param:' annotation target.

See https://youtrack.jetbrains.com/issue/KT-73255 for more details.
w: file:///D:/Netflixtv/app/src/main/java/com/example/api/TmdbApi.kt:187:5 This annotation is currently applied to the value parameter only, but in the future it will also be applied to property.
- To opt in to applying to both value parameter and property, add '-Xannotation-default-target=param-property' to your compiler arguments.
- To keep applying to the value parameter only, use the '@param:' annotation target.

See https://youtrack.jetbrains.com/issue/KT-73255 for more details.
w: file:///D:/Netflixtv/app/src/main/java/com/example/api/TmdbApi.kt:205:5 This annotation is currently applied to the value parameter only, but in the future it will also be applied to property.
- To opt in to applying to both value parameter and property, add '-Xannotation-default-target=param-property' to your compiler arguments.
- To keep applying to the value parameter only, use the '@param:' annotation target.

See https://youtrack.jetbrains.com/issue/KT-73255 for more details.
w: file:///D:/Netflixtv/app/src/main/java/com/example/api/TmdbApi.kt:209:5 This annotation is currently applied to the value parameter only, but in the future it will also be applied to property.
- To opt in to applying to both value parameter and property, add '-Xannotation-default-target=param-property' to your compiler arguments.
- To keep applying to the value parameter only, use the '@param:' annotation target.

See https://youtrack.jetbrains.com/issue/KT-73255 for more details.
w: file:///D:/Netflixtv/app/src/main/java/com/example/api/TmdbApi.kt:210:5 This annotation is currently applied to the value parameter only, but in the future it will also be applied to property.
- To opt in to applying to both value parameter and property, add '-Xannotation-default-target=param-property' to your compiler arguments.
- To keep applying to the value parameter only, use the '@param:' annotation target.

See https://youtrack.jetbrains.com/issue/KT-73255 for more details.
w: file:///D:/Netflixtv/app/src/main/java/com/example/api/TmdbApi.kt:221:5 This annotation is currently applied to the value parameter only, but in the future it will also be applied to property.
- To opt in to applying to both value parameter and property, add '-Xannotation-default-target=param-property' to your compiler arguments.
- To keep applying to the value parameter only, use the '@param:' annotation target.

See https://youtrack.jetbrains.com/issue/KT-73255 for more details.
w: file:///D:/Netflixtv/app/src/main/java/com/example/api/TmdbApi.kt:222:5 This annotation is currently applied to the value parameter only, but in the future it will also be applied to property.
- To opt in to applying to both value parameter and property, add '-Xannotation-default-target=param-property' to your compiler arguments.
- To keep applying to the value parameter only, use the '@param:' annotation target.

See https://youtrack.jetbrains.com/issue/KT-73255 for more details.
w: file:///D:/Netflixtv/app/src/main/java/com/example/api/TmdbApi.kt:224:5 This annotation is currently applied to the value parameter only, but in the future it will also be applied to property.
- To opt in to applying to both value parameter and property, add '-Xannotation-default-target=param-property' to your compiler arguments.
- To keep applying to the value parameter only, use the '@param:' annotation target.

See https://youtrack.jetbrains.com/issue/KT-73255 for more details.
w: file:///D:/Netflixtv/app/src/main/java/com/example/data/DirectCDNResolver.kt:1331:17 Condition is always 'false'.
w: file:///D:/Netflixtv/app/src/main/java/com/example/data/NetflixDatabase.kt:194:18 'fun fallbackToDestructiveMigration(): RoomDatabase.Builder<NetflixDatabase>' is deprecated. Replace by overloaded version with parameter to indicate if all tables should be dropped or not.
w: file:///D:/Netflixtv/app/src/main/java/com/example/data/TrailerResolver.kt:419:17 'var databaseEnabled: Boolean' is deprecated. Deprecated in Java.
w: file:///D:/Netflixtv/app/src/main/java/com/example/ui/components/TopNavBar.kt:836:69 'val Icons.Filled.HelpOutline: ImageVector' is deprecated. Use the AutoMirrored version at Icons.AutoMirrored.Filled.HelpOutline.
w: file:///D:/Netflixtv/app/src/main/java/com/example/ui/components/TopNavBar.kt:1152:57 'val Icons.Filled.HelpOutline: ImageVector' is deprecated. Use the AutoMirrored version at Icons.AutoMirrored.Filled.HelpOutline.
w: file:///D:/Netflixtv/app/src/main/java/com/example/ui/screens/EditProfileScreen.kt:1509:66 'val Icons.Filled.Backspace: ImageVector' is deprecated. Use the AutoMirrored version at Icons.AutoMirrored.Filled.Backspace.
w: file:///D:/Netflixtv/app/src/main/java/com/example/ui/screens/PlayerScreen.kt:1234:57 'val Icons.Filled.ArrowBack: ImageVector' is deprecated. Use the AutoMirrored version at Icons.AutoMirrored.Filled.ArrowBack.
w: file:///D:/Netflixtv/app/src/main/java/com/example/ui/screens/TvAuthScreen.kt:193:75 Java type mismatch: inferred type is 'Nothing?', but 'String' was expected.
w: file:///D:/Netflixtv/app/src/main/java/com/example/ui/screens/TvAuthScreen.kt:195:66 Java type mismatch: inferred type is 'Nothing?', but 'String' was expected.
w: file:///D:/Netflixtv/app/src/main/java/com/example/ui/screens/player/PlayerControls.kt:106:57 'val Icons.Filled.ArrowBack: ImageVector' is deprecated. Use the AutoMirrored version at Icons.AutoMirrored.Filled.ArrowBack.
w: file:///D:/Netflixtv/app/src/main/java/com/example/ui/screens/player/PlayerScreen.kt:72:8 Annotation 'androidx.media3.common.util.UnstableApi' is not annotated with '@RequiresOptIn'. '@OptIn' has no effect.
w: file:///D:/Netflixtv/app/src/main/java/com/example/ui/screens/player/PlayerScreen.kt:83:8 Annotation 'androidx.media3.common.util.UnstableApi' is not annotated with '@RequiresOptIn'. '@OptIn' has no effect.
w: file:///D:/Netflixtv/app/src/main/java/com/example/ui/util/HomePreviewController.kt:93:46 'static field TRIM_MEMORY_RUNNING_LOW: Int' is deprecated. Deprecated in Java.

> Task :app:javaPreCompileRelease
> Task :app:compileReleaseJavaWithJavac
> Task :app:extractProguardFiles
> Task :app:generateReleaseLintVitalReportModel
> Task :app:lintVitalAnalyzeRelease
> Task :app:lintVitalReportRelease
> Task :app:lintVitalRelease
> Task :app:mergeReleaseJniLibFolders
> Task :app:mergeReleaseNativeLibs

> Task :app:stripReleaseDebugSymbols
Unable to strip the following libraries, packaging them as they are: libdatastore_shared_counter.so.

> Task :app:extractReleaseNativeSymbolTables
> Task :app:mergeReleaseNativeDebugMetadata NO-SOURCE
> Task :app:checkReleaseDuplicateClasses
> Task :app:dexBuilderRelease
